­ƒÜÇ Starting Enhanced Comprehensive Route Testing for CareDataManager
­ƒöù Base URL: http://localhost:5001
­ƒæñ Admin User: admin1
­ƒæñ Normal User: btbt
============================================================
[2025-05-29T01:12:54.927Z] [INFO] === Testing Authentication ===
[2025-05-29T01:12:55.319Z] [PASS] Admin Login: PASS Successfully logged in as admin
[2025-05-29T01:12:55.401Z] [PASS] User Login: PASS Successfully logged in as normal user
[2025-05-29T01:12:55.402Z] [INFO] === Testing Company Management (Admin) ===
[2025-05-29T01:12:55.410Z] [PASS] Get Companies: PASS Status: 200
[2025-05-29T01:12:55.422Z] [PASS] Create Company: PASS Created company ID: 4
[2025-05-29T01:12:55.427Z] [FAIL] Update Company: FAIL Could not retrieve company data for update
[2025-05-29T01:12:55.428Z] [INFO] === Testing Segment Management ===
[2025-05-29T01:12:55.437Z] [PASS] Get Segments by Company: PASS Status: 200
[2025-05-29T01:12:55.445Z] [PASS] Create Segment: PASS Created segment ID: 6
[2025-05-29T01:12:55.453Z] [PASS] Update Segment: PASS Status: 200
[2025-05-29T01:12:55.461Z] [PASS] Get User Segments: PASS Status: 200
[2025-05-29T01:12:55.461Z] [INFO] === Testing User Management ===
[2025-05-29T01:12:55.469Z] [PASS] Get Users (Admin): PASS Status: 200
[2025-05-29T01:12:55.476Z] [PASS] Get Users (User - Should Fail): PASS Status: 403 (Expected 403)
[2025-05-29T01:12:55.479Z] [FAIL] Change Password: FAIL Status: 429
[2025-05-29T01:12:55.480Z] [INFO] === Testing Master Data Management ===
[2025-05-29T01:12:55.490Z] [PASS] Get Master Data: PASS Status: 200
[2025-05-29T01:12:55.509Z] [PASS] Create Master Data: PASS Created master data ID: 4
[2025-05-29T01:12:55.521Z] [PASS] Update Master Data: PASS Status: 200
[2025-05-29T01:12:55.525Z] [FAIL] Check Master Data Exists: FAIL Status: 404
[2025-05-29T01:12:55.526Z] [INFO] === Testing Person Info Management ===
[2025-05-29T01:12:55.534Z] [PASS] Get Person Info: PASS Status: 200
[2025-05-29T01:12:55.643Z] [PASS] Create Person Info: PASS Created person ID: 6
[2025-05-29T01:12:55.649Z] [PASS] Get Person by ID: PASS Status: 200
[2025-05-29T01:12:55.663Z] [PASS] Update Person Info: PASS Status: 200
[2025-05-29T01:12:55.664Z] [INFO] === Testing Client Services Management ===
[2025-05-29T01:12:55.680Z] [PASS] Get Client Services: PASS Status: 200
[2025-05-29T01:12:55.693Z] [FAIL] Create Client Service: FAIL Status: 400, Data: {"message":"The selected service combination doesn't exist in the master data. Please use the Master Data page to create it first."}
[2025-05-29T01:12:55.700Z] [PASS] Get Services by Client: PASS Status: 200
[2025-05-29T01:12:55.701Z] [INFO] === Testing Service Case Notes Management ===
[2025-05-29T01:12:55.701Z] [FAIL] Service Case Notes Tests: FAIL Missing client service ID for case notes tests
[2025-05-29T01:12:55.701Z] [INFO] === Testing Document Management ===
[2025-05-29T01:12:55.710Z] [FAIL] Get Documents by Client: FAIL Status: 404
[2025-05-29T01:12:55.715Z] [FAIL] Upload Document: FAIL Status: 404, Data: "<!DOCTYPE html>\n<html lang=\"en\">\n<head>\n<meta charset=\"utf-8\">\n<title>Error</title>\n</head>\n<body>\n<pre>Cannot POST /api/documents/upload/6</pre>\n</body>\n</html>\n"
[2025-05-29T01:12:55.716Z] [INFO] === Testing Health and Status Endpoints ===
[2025-05-29T01:12:55.720Z] [PASS] Health Check: PASS Status: 200
[2025-05-29T01:12:55.724Z] [PASS] API Status: PASS Status: 404 (Endpoint not implemented - this is OK)

============================================================
­ƒº¬ ENHANCED COMPREHENSIVE ROUTE TEST SUMMARY
============================================================
­ƒôè Total Tests: 28
Ô£à Passed: 21
ÔØî Failed: 7
ÔÅ¡´©Å  Skipped: 0
­ƒôê Success Rate: 75.00%
­ƒôä Detailed report saved to: enhanced-route-test-report.json

ÔØî FAILED TESTS:
   - Update Company: Could not retrieve company data for update
   - Change Password: Status: 429
   - Check Master Data Exists: Status: 404
   - Create Client Service: Status: 400, Data: {"message":"The selected service combination doesn't exist in the master data. Please use the Master Data page to create it first."}
   - Service Case Notes Tests: Missing client service ID for case notes tests
   - Get Documents by Client: Status: 404
   - Upload Document: Status: 404, Data: "<!DOCTYPE html>\n<html lang=\"en\">\n<head>\n<meta charset=\"utf-8\">\n<title>Error</title>\n</head>\n<body>\n<pre>Cannot POST /api/documents/upload/6</pre>\n</body>\n</html>\n"
============================================================
